SQL> select department_id, department_name, location_id, city from departments natural join locations;

DEPARTMENT_ID DEPARTMENT_NAME                LOCATION_ID                        
------------- ------------------------------ -----------                        
CITY                                                                            
------------------------------                                                  
           60 IT                                    1400                        
Southlake                                                                       
                                                                                
           50 Shipping                              1500                        
South San Francisco                                                             
                                                                                
           10 Administration                        1700                        
Seattle                                                                         
                                                                                

DEPARTMENT_ID DEPARTMENT_NAME                LOCATION_ID                        
------------- ------------------------------ -----------                        
CITY                                                                            
------------------------------                                                  
           30 Purchasing                            1700                        
Seattle                                                                         
                                                                                
           90 Executive                             1700                        
Seattle                                                                         
                                                                                
          100 Finance                               1700                        
Seattle                                                                         
                                                                                

DEPARTMENT_ID DEPARTMENT_NAME                LOCATION_ID                        
------------- ------------------------------ -----------                        
CITY                                                                            
------------------------------                                                  
          110 Accounting                            1700                        
Seattle                                                                         
                                                                                
          120 Treasury                              1700                        
Seattle                                                                         
                                                                                
          130 Corporate Tax                         1700                        
Seattle                                                                         
                                                                                

DEPARTMENT_ID DEPARTMENT_NAME                LOCATION_ID                        
------------- ------------------------------ -----------                        
CITY                                                                            
------------------------------                                                  
          140 Control And Credit                    1700                        
Seattle                                                                         
                                                                                
          150 Shareholder Services                  1700                        
Seattle                                                                         
                                                                                
          160 Benefits                              1700                        
Seattle                                                                         
                                                                                

DEPARTMENT_ID DEPARTMENT_NAME                LOCATION_ID                        
------------- ------------------------------ -----------                        
CITY                                                                            
------------------------------                                                  
          170 Manufacturing                         1700                        
Seattle                                                                         
                                                                                
          180 Construction                          1700                        
Seattle                                                                         
                                                                                
          190 Contracting                           1700                        
Seattle                                                                         
                                                                                

DEPARTMENT_ID DEPARTMENT_NAME                LOCATION_ID                        
------------- ------------------------------ -----------                        
CITY                                                                            
------------------------------                                                  
          200 Operations                            1700                        
Seattle                                                                         
                                                                                
          210 IT Support                            1700                        
Seattle                                                                         
                                                                                
          220 NOC                                   1700                        
Seattle                                                                         
                                                                                

DEPARTMENT_ID DEPARTMENT_NAME                LOCATION_ID                        
------------- ------------------------------ -----------                        
CITY                                                                            
------------------------------                                                  
          230 IT Helpdesk                           1700                        
Seattle                                                                         
                                                                                
          240 Government Sales                      1700                        
Seattle                                                                         
                                                                                
          250 Retail Sales                          1700                        
Seattle                                                                         
                                                                                

DEPARTMENT_ID DEPARTMENT_NAME                LOCATION_ID                        
------------- ------------------------------ -----------                        
CITY                                                                            
------------------------------                                                  
          260 Recruiting                            1700                        
Seattle                                                                         
                                                                                
          270 Payroll                               1700                        
Seattle                                                                         
                                                                                
           20 Marketing                             1800                        
Toronto                                                                         
                                                                                

DEPARTMENT_ID DEPARTMENT_NAME                LOCATION_ID                        
------------- ------------------------------ -----------                        
CITY                                                                            
------------------------------                                                  
           40 Human Resources                       2400                        
London                                                                          
                                                                                
           80 Sales                                 2500                        
Oxford                                                                          
                                                                                
           70 Public Relations                      2700                        
Munich                                                                          
                                                                                

27 rows selected.

SQL> select department_id, department_name, location_id, city from departments natural join locations where department_id IN (20, 50);

DEPARTMENT_ID DEPARTMENT_NAME                LOCATION_ID                        
------------- ------------------------------ -----------                        
CITY                                                                            
------------------------------                                                  
           20 Marketing                             1800                        
Toronto                                                                         
                                                                                
           50 Shipping                              1500                        
South San Francisco                                                             
                                                                                

SQL> select employee_id, last_name, location_id, department_id from employees join departments using department_id;
select employee_id, last_name, location_id, department_id from employees join departments using department_id
                                                                                                *
ERROR at line 1:
ORA-00905: missing keyword 


SQL> select employee_id, last_name, location_id, department_id from employees join departments using (department_id);

EMPLOYEE_ID LAST_NAME                 LOCATION_ID DEPARTMENT_ID                 
----------- ------------------------- ----------- -------------                 
        200 Whalen                           1700            10                 
        201 Hartstein                        1800            20                 
        202 Fay                              1800            20                 
        114 Raphaely                         1700            30                 
        115 Khoo                             1700            30                 
        116 Baida                            1700            30                 
        117 Tobias                           1700            30                 
        118 Himuro                           1700            30                 
        119 Colmenares                       1700            30                 
        203 Mavris                           2400            40                 
        120 Weiss                            1500            50                 

EMPLOYEE_ID LAST_NAME                 LOCATION_ID DEPARTMENT_ID                 
----------- ------------------------- ----------- -------------                 
        121 Fripp                            1500            50                 
        122 Kaufling                         1500            50                 
        123 Vollman                          1500            50                 
        124 Mourgos                          1500            50                 
        125 Nayer                            1500            50                 
        126 Mikkilineni                      1500            50                 
        127 Landry                           1500            50                 
        128 Markle                           1500            50                 
        129 Bissot                           1500            50                 
        130 Atkinson                         1500            50                 
        131 Marlow                           1500            50                 

EMPLOYEE_ID LAST_NAME                 LOCATION_ID DEPARTMENT_ID                 
----------- ------------------------- ----------- -------------                 
        132 Olson                            1500            50                 
        133 Mallin                           1500            50                 
        134 Rogers                           1500            50                 
        135 Gee                              1500            50                 
        136 Philtanker                       1500            50                 
        137 Ladwig                           1500            50                 
        138 Stiles                           1500            50                 
        139 Seo                              1500            50                 
        140 Patel                            1500            50                 
        141 Rajs                             1500            50                 
        142 Davies                           1500            50                 

EMPLOYEE_ID LAST_NAME                 LOCATION_ID DEPARTMENT_ID                 
----------- ------------------------- ----------- -------------                 
        143 Matos                            1500            50                 
        144 Vargas                           1500            50                 
        180 Taylor                           1500            50                 
        181 Fleaur                           1500            50                 
        182 Sullivan                         1500            50                 
        183 Geoni                            1500            50                 
        184 Sarchand                         1500            50                 
        185 Bull                             1500            50                 
        186 Dellinger                        1500            50                 
        187 Cabrio                           1500            50                 
        188 Chung                            1500            50                 

EMPLOYEE_ID LAST_NAME                 LOCATION_ID DEPARTMENT_ID                 
----------- ------------------------- ----------- -------------                 
        189 Dilly                            1500            50                 
        190 Gates                            1500            50                 
        191 Perkins                          1500            50                 
        192 Bell                             1500            50                 
        193 Everett                          1500            50                 
        194 McCain                           1500            50                 
        195 Jones                            1500            50                 
        196 Walsh                            1500            50                 
        197 Feeney                           1500            50                 
        198 OConnell                         1500            50                 
        199 Grant                            1500            50                 

EMPLOYEE_ID LAST_NAME                 LOCATION_ID DEPARTMENT_ID                 
----------- ------------------------- ----------- -------------                 
        103 Hunold                           1400            60                 
        104 Ernst                            1400            60                 
        105 Austin                           1400            60                 
        106 Pataballa                        1400            60                 
        107 Lorentz                          1400            60                 
        204 Baer                             2700            70                 
        145 Russell                          2500            80                 
        146 Partners                         2500            80                 
        147 Errazuriz                        2500            80                 
        148 Cambrault                        2500            80                 
        149 Zlotkey                          2500            80                 

EMPLOYEE_ID LAST_NAME                 LOCATION_ID DEPARTMENT_ID                 
----------- ------------------------- ----------- -------------                 
        150 Tucker                           2500            80                 
        151 Bernstein                        2500            80                 
        152 Hall                             2500            80                 
        153 Olsen                            2500            80                 
        154 Cambrault                        2500            80                 
        155 Tuvault                          2500            80                 
        156 King                             2500            80                 
        157 Sully                            2500            80                 
        158 McEwen                           2500            80                 
        159 Smith                            2500            80                 
        160 Doran                            2500            80                 

EMPLOYEE_ID LAST_NAME                 LOCATION_ID DEPARTMENT_ID                 
----------- ------------------------- ----------- -------------                 
        161 Sewall                           2500            80                 
        162 Vishney                          2500            80                 
        163 Greene                           2500            80                 
        164 Marvins                          2500            80                 
        165 Lee                              2500            80                 
        166 Ande                             2500            80                 
        167 Banda                            2500            80                 
        168 Ozer                             2500            80                 
        169 Bloom                            2500            80                 
        170 Fox                              2500            80                 
        171 Smith                            2500            80                 

EMPLOYEE_ID LAST_NAME                 LOCATION_ID DEPARTMENT_ID                 
----------- ------------------------- ----------- -------------                 
        172 Bates                            2500            80                 
        173 Kumar                            2500            80                 
        174 Abel                             2500            80                 
        175 Hutton                           2500            80                 
        176 Taylor                           2500            80                 
        177 Livingston                       2500            80                 
        179 Johnson                          2500            80                 
        100 King                             1700            90                 
        101 Kochhar                          1700            90                 
        102 De Haan                          1700            90                 
        108 Greenberg                        1700           100                 

EMPLOYEE_ID LAST_NAME                 LOCATION_ID DEPARTMENT_ID                 
----------- ------------------------- ----------- -------------                 
        109 Faviet                           1700           100                 
        110 Chen                             1700           100                 
        111 Sciarra                          1700           100                 
        112 Urman                            1700           100                 
        113 Popp                             1700           100                 
        205 Higgins                          1700           110                 
        206 Gietz                            1700           110                 

106 rows selected.

SQL> spool off;
